method1()V
<init>(Ljava/lang/String;)V
<init>(I)V
method1(I)I
method1(Ljava/lang/String;)Ljava/lang/String;
<init>()V
