method3()Ljava/lang/Integer;
method1()V
method2(I)Ljava/lang/String;
method1(I)Ljava/util/List;
