method4()V
method1()V
<init>()V
method2()I
method3()Ljava/lang/String;
